// Jest Snapshot v1, https://goo.gl/fbAQLP

exports[`Button Should match snapshots 1`] = `
<div>
  <button>
    Sample Text
  </button>
</div>
`;
